14:11:46 **** Incremental Build of configuration Debug for project led_sweep ****
make -j4 all 
arm-none-eabi-gcc "../Core/Src/main.c" -mcpu=cortex-m0 -std=gnu11 -g3 -DDEBUG -DUSE_HAL_DRIVER -DSTM32F030x8 -c -I../Core/Inc -I../Drivers/STM32F0xx_HAL_Driver/Inc -I../Drivers/STM32F0xx_HAL_Driver/Inc/Legacy -I../Drivers/CMSIS/Device/ST/STM32F0xx/Include -I../Drivers/CMSIS/Include -O0 -ffunction-sections -fdata-sections -Wall -fstack-usage -fcyclomatic-complexity -MMD -MP -MF"Core/Src/main.d" -MT"Core/Src/main.o" --specs=nano.specs -mfloat-abi=soft -mthumb -o "Core/Src/main.o"
arm-none-eabi-gcc -o "led_sweep.elf" @"objects.list"   -mcpu=cortex-m0 -T"C:\Temp\240635\MKS\sk01\led_sweep\STM32F030R8TX_FLASH.ld" --specs=nosys.specs -Wl,-Map="led_sweep.map" -Wl,--gc-sections -static --specs=nano.specs -mfloat-abi=soft -mthumb -Wl,--start-group -lc -lm -Wl,--end-group
Finished building target: led_sweep.elf
 
arm-none-eabi-size  led_sweep.elf 
arm-none-eabi-objdump -h -S led_sweep.elf  > "led_sweep.list"
   text	   data	    bss	    dec	    hex	filename
   8024	     12	   1708	   9744	   2610	led_sweep.elf
Finished building: default.size.stdout
 
Finished building: led_sweep.list
 

14:11:47 Build Finished. 0 errors, 0 warnings. (took 1s.23ms)

