15:12:03 **** Incremental Build of configuration Debug for project rand_dice ****
make -j4 all 
arm-none-eabi-gcc "../Core/Src/main.c" -mcpu=cortex-m0 -std=gnu11 -g3 -DDEBUG -DUSE_HAL_DRIVER -DSTM32F030x8 -c -I../Core/Inc -I../Drivers/STM32F0xx_HAL_Driver/Inc -I../Drivers/STM32F0xx_HAL_Driver/Inc/Legacy -I../Drivers/CMSIS/Device/ST/STM32F0xx/Include -I../Drivers/CMSIS/Include -O0 -ffunction-sections -fdata-sections -Wall -fstack-usage -fcyclomatic-complexity -MMD -MP -MF"Core/Src/main.d" -MT"Core/Src/main.o" --specs=nano.specs -mfloat-abi=soft -mthumb -o "Core/Src/main.o"
arm-none-eabi-gcc -o "rand_dice.elf" @"objects.list"   -mcpu=cortex-m0 -T"C:\Temp\240635\MKS\sk01\rand_dice\STM32F030R8TX_FLASH.ld" --specs=nosys.specs -Wl,-Map="rand_dice.map" -Wl,--gc-sections -static --specs=nano.specs -mfloat-abi=soft -mthumb -Wl,--start-group -lc -lm -Wl,--end-group
Finished building target: rand_dice.elf
 
arm-none-eabi-size  rand_dice.elf 
arm-none-eabi-objdump -h -S rand_dice.elf  > "rand_dice.list"
   text	   data	    bss	    dec	    hex	filename
  15940	    104	   2104	  18148	   46e4	rand_dice.elf
Finished building: default.size.stdout
 
Finished building: rand_dice.list
 

15:12:04 Build Finished. 0 errors, 0 warnings. (took 1s.82ms)

